MSBUILD : error MSB1008: ├¿ possibile specificare un solo progetto.
    Riga di comando completa: 'C:\Program Files\dotnet\sdk\8.0.418\MSBuild.dll -maxcpucount -verbosity:m -nologo -restore -consoleloggerparameters:Summary eCommerce.Inventory.Infrastructure\eCommerce.Inventory.Infrastructure.csproj Check build output manually -distributedlogger:Microsoft.DotNet.Tools.MSBuild.MSBuildLogger,C:\Program Files\dotnet\sdk\8.0.418\dotnet.dll*Microsoft.DotNet.Tools.MSBuild.MSBuildForwardingLogger,C:\Program Files\dotnet\sdk\8.0.418\dotnet.dll'
  Opzioni accodate da file di risposta:
Opzione: Check

Per la sintassi delle opzioni, digitare "MSBuild -help"
